.\gradlew.bat : WARNING: A restricted method in 
java.lang.System has been called
At line:1 char:1
+ .\gradlew.bat compileDebugKotlin > build_output.txt 2>&1 
; type build ...
+ ~~~~~~~~~~~~~~~~~~~~~~~~~~~~~~~~~~~~~~~~~~~~~~~~~~~~~~~~
    + CategoryInfo          : NotSpecified: (WARNING: A res 
   t...has been called:String) [], RemoteException
    + FullyQualifiedErrorId : NativeCommandError
 
WARNING: java.lang.System::load has been called by 
net.rubygrapefruit.platform.internal.NativeLibraryLoader in 
an unnamed module (file:/C:/Users/Dr.%20Malware/.gradle/wrap
per/dists/gradle-8.10.2-bin/a04bxjujx95o3nb99gddekhwo/gradle
-8.10.2/lib/native-platform-0.22-milestone-26.jar)
WARNING: Use --enable-native-access=ALL-UNNAMED to avoid a 
warning for callers in this module
WARNING: Restricted methods will be blocked in a future 
release unless native access is enabled


FAILURE: Build failed with an exception.

* What went wrong:
25.0.2

* Try:
> Run with --stacktrace option to get the stack trace.
> Run with --info or --debug option to get more log output.
> Run with --scan to get full insights.
> Get more help at https://help.gradle.org.

BUILD FAILED in 1s
